kenji@Mi2 MINGW64 ~/git/newrepository (develop)
$ git checkout develop
git branch issue/g
git checkout issue/g
echo "Git基礎章末演習で追記。" >>　README.md
git add README.md
git commit -m "README.mdを更新しました。マージ、プルリク、プルの演習"
git push origin issue/g
Already on 'develop'
M       newrepository push
fatal: a branch named 'issue/g' already exists
Switched to branch 'issue/g'
M       newrepository push
On branch issue/g
Changes not staged for commit:
  (use "git add <file>..." to update what will be committed)
  (use "git restore <file>..." to discard changes in working directory)
  (commit or discard the untracked or modified content in submodules)
        modified:   ../newrepository push (untracked content)

Untracked files:
  (use "git add <file>..." to include in what will be committed)
        ../.android/
        "\343\200\200README.md"

no changes added to commit (use "git add" and/or "git commit -a")
Everything up-to-date

kenji@Mi2 MINGW64 ~/git/newrepository (issue/g)
$ echo "Git基礎章末演習で追記。" >>　README.md

kenji@Mi2 MINGW64 ~/git/newrepository (issue/g)
$ git add README.md

kenji@Mi2 MINGW64 ~/git/newrepository (issue/g)
$ git commit -m "README.mdを更新しました。マージ、プルリク、プルの演習"
On branch issue/g
Changes not staged for commit:
  (use "git add <file>..." to update what will be committed)
  (use "git restore <file>..." to discard changes in working directory)
  (commit or discard the untracked or modified content in submodules)
        modified:   ../newrepository push (untracked content)

Untracked files:
  (use "git add <file>..." to include in what will be committed)
        ../.android/
        "\343\200\200README.md"

no changes added to commit (use "git add" and/or "git commit -a")

kenji@Mi2 MINGW64 ~/git/newrepository (issue/g)
$ echo "Git基礎章末演習で追記。" >> README.md

kenji@Mi2 MINGW64 ~/git/newrepository (issue/g)
$ git add README.md
warning: in the working copy of 'newrepository/README.md', LF will be replaced by CRLF the next ti

kenji@Mi2 MINGW64 ~/git/newrepository (issue/g)
$ git commit -m "README.mdを更新しました。マージ、プルリク、プルの演習"
[issue/g 6fd5a8a] README.mdを更新しました。マージ、プルリク、プルの演習
 1 file changed, 1 insertion(+)

kenji@Mi2 MINGW64 ~/git/newrepository (issue/g)
$ git push origin issue/g
Enumerating objects: 7, done.
Counting objects: 100% (7/7), done.
Delta compression using up to 4 threads
Compressing objects: 100% (4/4), done.
Writing objects: 100% (4/4), 526 bytes | 526.00 KiB/s, done.
Total 4 (delta 2), reused 0 (delta 0), pack-reused 0
remote:
remote: View merge request for issue/g:
remote:   https://gitlab.codecamp.jp/student_58584/sample/-/merge_requests/21
remote:
To https://gitlab.codecamp.jp/student_58584/sample.git
   35c8016..6fd5a8a  issue/g -> issue/g

kenji@Mi2 MINGW64 ~/git/newrepository (issue/g)
$ git checkout develop
Switched to branch 'develop'
M       newrepository push

kenji@Mi2 MINGW64 ~/git/newrepository (develop)
$ git pull origin develop
remote: Enumerating objects: 1, done.
remote: Counting objects: 100% (1/1), done.
remote: Total 1 (delta 0), reused 0 (delta 0), pack-reused 0
Unpacking objects: 100% (1/1), 309 bytes | 103.00 KiB/s, done.
From https://gitlab.codecamp.jp/student_58584/sample
 * branch            develop    -> FETCH_HEAD
   68e845f..5e453f3  develop    -> origin/develop
Updating 68e845f..5e453f3
Fast-forward
 newrepository/README.md | 1 +
 1 file changed, 1 insertion(+)

kenji@Mi2 MINGW64 ~/git/newrepository (develop)
$ git checkout eclipse_project
error: pathspec 'eclipse_project' did not match any file(s) known to git

kenji@Mi2 MINGW64 ~/git/newrepository (develop)
$ cd .

kenji@Mi2 MINGW64 ~/git/newrepository (develop)
$ cd /users/Kenji/git/eclipse_project
bash: cd: /users/Kenji/git/eclipse_project: No such file or directory

kenji@Mi2 MINGW64 ~/git/newrepository (develop)
$ git commit -m "README.mdを更新しました。本日更新2"

cd /c/Users/kenji/git/repository
On branch develop
Changes not staged for commit:
  (use "git add <file>..." to update what will be committed)
  (use "git restore <file>..." to discard changes in working directory)
  (commit or discard the untracked or modified content in submodules)
        modified:   ../newrepository push (untracked content)

Untracked files:
  (use "git add <file>..." to include in what will be committed)
        ../.android/

no changes added to commit (use "git add" and/or "git commit -a")

kenji@Mi2 MINGW64 ~/git/repository (develop)
$ cd /c/Users/kenji/git/eclipse_project

kenji@Mi2 MINGW64 ~/git/eclipse_project (master)
$ git branch issue/g

kenji@Mi2 MINGW64 ~/git/eclipse_project (master)
$ git checkout issue/g
Switched to branch 'issue/g'

kenji@Mi2 MINGW64 ~/git/eclipse_project (issue/g)
$ echo "Git基礎最終課題で追記。3/22" >> README.md

kenji@Mi2 MINGW64 ~/git/eclipse_project (issue/g)
$ git add README.md
warning: in the working copy of 'README.md', LF will be replaced by CRLF the next time Git touches

kenji@Mi2 MINGW64 ~/git/eclipse_project (issue/g)
$ git commit -m "README.mdを更新しました。マージ、プルリク、プルの演習"
[issue/g 123c40d] README.mdを更新しました。マージ、プルリク、プルの演習
 1 file changed, 1 insertion(+)

kenji@Mi2 MINGW64 ~/git/eclipse_project (issue/g)
$ git push origin issue/g
Enumerating objects: 5, done.
Counting objects: 100% (5/5), done.
Delta compression using up to 4 threads
Compressing objects: 100% (3/3), done.
Writing objects: 100% (3/3), 403 bytes | 403.00 KiB/s, done.
Total 3 (delta 1), reused 0 (delta 0), pack-reused 0
remote: Resolving deltas: 100% (1/1), completed with 1 local object.
remote:
remote: Create a pull request for 'issue/g' on GitHub by visiting:
remote:      https://github.com/SunshineGithubKen/eclipse_project/pull/new/issue/g
remote:
To https://github.com/SunshineGithubKen/eclipse_project.git
 * [new branch]      issue/g -> issue/g

kenji@Mi2 MINGW64 ~/git/eclipse_project (issue/g)
$ git checkout main
Switched to branch 'main'
Your branch is ahead of 'origin/main' by 1 commit.
  (use "git push" to publish your local commits)

kenji@Mi2 MINGW64 ~/git/eclipse_project (main)
$ git pull origin main
remote: Enumerating objects: 5, done.
remote: Counting objects: 100% (5/5), done.
remote: Compressing objects: 100% (5/5), done.
remote: Total 5 (delta 0), reused 0 (delta 0), pack-reused 0
Unpacking objects: 100% (5/5), 3.06 KiB | 156.00 KiB/s, done.
From https://github.com/SunshineGithubKen/eclipse_project
 * branch            main       -> FETCH_HEAD
   718e67b..0a17960  main       -> origin/main
Updating 9031491..0a17960
Fast-forward
 .../Assignment Output Image.csv"                   |  25 +++
 .../Assignment.docx"                               | Bin 0 -> 259769 bytes
 .../game_player original file.csv"                 |  25 +++
 .../Assignment .docx"                              | Bin 0 -> 344408 bytes
 Intro Video.md                                     |  19 ++
 MySQL DB Fundementals/README.txt                   |   6 +
 .../Confirmation Screenshot/1.png"                 | Bin 0 -> 205548 bytes
 .../Confirmation Screenshot/2.png"                 | Bin 0 -> 205609 bytes
 .../Confirmation Screenshot/3.png"                 | Bin 0 -> 242146 bytes
 .../Exercise.docx"                                 | Bin 0 -> 101420 bytes
 .../Source Code/1.txt"                             |   6 +
 .../Source Code/2.txt"                             |   7 +
 .../Source Code/3.txt"                             |   2 +
 .../Exercise.docx"                                 | Bin 0 -> 177473 bytes
 .../Source Code.txt"                               |   8 +
 ...\226\351\203\250\343\202\255\343\203\274_0.png" | Bin 0 -> 278433 bytes
 ...\226\351\203\250\343\202\255\343\203\274_1.png" | Bin 0 -> 307118 bytes
 ...\226\351\203\250\343\202\255\343\203\274_0.png" | Bin 0 -> 277986 bytes
 ...\226\351\203\250\343\202\255\343\203\274_1.png" | Bin 0 -> 247776 bytes
 .../Exercise.docx"                                 | Bin 0 -> 329483 bytes
 .../Source Code/9_2_1.txt"                         |  14 ++
 .../Source Code/9_2_2.txt"                         |  13 ++
 .../Source Code/9_2_3.txt"                         |  10 +
 .../Source Code/9_2_4.txt"                         |  10 +
 ...210\343\201\256\350\250\255\345\256\232_00.png" | Bin 0 -> 288097 bytes
 ...210\343\201\256\350\250\255\345\256\232_01.png" | Bin 0 -> 147518 bytes
 .../Exercise.docx"                                 | Bin 0 -> 153096 bytes
 .../Table to use/table.txt"                        |   5 +
 .../Exercise.docx"                                 | Bin 0 -> 94329 bytes
 .../Source Code/1.txt"                             |   3 +
 .../Source Code/2.txt"                             |   4 +
 .../Source Code/3.txt"                             |   5 +
 .../Source Code/4.txt"                             |   5 +
 .../Table to use/items_table.sql"                  |  63 ++++++
 .../Exercise.docx"                                 | Bin 0 -> 174845 bytes
 .../Source Code/Generated Table/10_1.txt"          |  69 ++++++
 .../Source Code/Generated Table/10_2.txt"          |  57 +++++
 .../Source Code/Generated Table/10_3.txt"          |  68 ++++++
 .../Source Code/Source Code/10_1.txt"              |   0
 .../Source Code/Source Code/10_2.txt"              |   9 +
 .../Source Code/Source Code/10_3.txt"              |   8 +
 .../Tables to use/items.sql"                       |  63 ++++++
 .../Tables to use/order_details.sql"               |  87 ++++++++
 .../Tables to use/orders.sql"                      |  81 +++++++
 .../Tables to use/users.sql"                       |  69 ++++++
 README.md                                          |   1 +
 .../Assignment.docx"                               | Bin 0 -> 822775 bytes
 .../Assignment.docx"                               | Bin 0 -> 244077 bytes
 .../BigOrSmall.class"                              | Bin 1756 -> 0 bytes
 .../.project"                                      |  31 +++
 .../.settings/.jsdtscope"                          |  12 +
 .../.settings/org.eclipse.jdt.core.prefs"          |  10 +
 .../.settings/org.eclipse.wst.common.component"    |   8 +
 .../org.eclipse.wst.common.project.facet.core.xml" |  10 +
 .../org.eclipse.wst.jsdt.ui.superType.container"   |   1 +
 .../org.eclipse.wst.jsdt.ui.superType.name"        |   1 +
 .../Assignment.docx"                               | Bin 0 -> 180989 bytes
 .../Development Tool.txt"                          |   4 +
 .../README.txt"                                    |  46 ++++
 .../WebContent/META-INF/MANIFEST.MF"               |   3 +
 .../WebContent/WEB-INF/jsp/EmployeeAdd.jsp"        |  68 ++++++
 .../WebContent/WEB-INF/jsp/EmployeeEdit.jsp"       |  72 ++++++
 .../WebContent/WEB-INF/jsp/EmployeeList.jsp"       | 104 +++++++++
 .../WebContent/WEB-INF/jsp/ImageUpdate.jsp"        |  54 +++++
 .../WebContent/WEB-INF/lib/h2-2.1.212.jar"         | Bin 0 -> 2540568 bytes
 .../WebContent/WEB-INF/lib/jstl-api-1.2.jar"       | Bin 0 -> 30527 bytes
 .../WebContent/WEB-INF/lib/jstl-impl-1.2.jar"      | Bin 0 -> 391957 bytes
 .../WebContent/css/common.css"                     |  36 +++
 .../WebContent/index.jsp"                          |  21 ++
 .../WebContent/uploads/no_image.PNG"               | Bin 0 -> 7991 bytes
 .../build/classes/bean/DepartmentBean.class"       | Bin 0 -> 579 bytes
 .../build/classes/bean/EmployeeBean.class"         | Bin 0 -> 5085 bytes
 .../build/classes/common/ImageUploadCommon.class"  | Bin 0 -> 3201 bytes
 .../build/classes/dao/EmployeeDAO.class"           | Bin 0 -> 7211 bytes
 .../classes/servlet/EmployeeAddServlet.class"      | Bin 0 -> 3545 bytes
 .../classes/servlet/EmployeeDeleteServlet.class"   | Bin 0 -> 3771 bytes
 .../classes/servlet/EmployeeEditServlet.class"     | Bin 0 -> 3685 bytes
 .../classes/servlet/EmployeeListServlet.class"     | Bin 0 -> 1787 bytes
 .../classes/servlet/ImageUpdateServlet.class"      | Bin 0 -> 4117 bytes
 .../src/bean/DepartmentBean.java"                  |  17 ++
 .../src/bean/EmployeeBean.java"                    | 151 +++++++++++++
 .../src/common/ImageUploadCommon.java"             |  65 ++++++
 .../src/dao/EmployeeDAO.java"                      | 241 +++++++++++++++++++++
 .../src/servlet/EmployeeAddServlet.java"           |  82 +++++++
 .../src/servlet/EmployeeDeleteServlet.java"        |  83 +++++++
 .../src/servlet/EmployeeEditServlet.java"          |  91 ++++++++
 .../src/servlet/EmployeeListServlet.java"          |  49 +++++
 .../src/servlet/ImageUpdateServlet.java"           | 101 +++++++++
 88 files changed, 2103 insertions(+)
 create mode 100644 "CSV\343\203\225\343\202\241\343\202\244\343\203\253\343\201\256\350\252\255\327/Assignment Output Image.csv"
 create mode 100644 "CSV\343\203\225\343\202\241\343\202\244\343\203\253\343\201\256\350\252\255\327/Assignment.docx"
 create mode 100644 "CSV\343\203\225\343\202\241\343\202\244\343\203\253\343\201\256\350\252\255\327/game_player original file.csv"
 create mode 100644 "Comparator\343\202\244\343\203\263\343\202\277\343\203\274\343\203\225\343\205\256\232\343\201\227\343\201\237\343\202\255\343\203\274\343\201\250\351\240\206\347\225\252\343\
 create mode 100644 Intro Video.md
 create mode 100644 MySQL DB Fundementals/README.txt
 create mode 100644 "MySQL DB Fundementals/SQL\346\226\207\343\202\222\347\224\250\343\201\204\343\346\233\264\346\226\260\343\201\231\343\202\213/Confirmation Screenshot/1.png"
 create mode 100644 "MySQL DB Fundementals/SQL\346\226\207\343\202\222\347\224\250\343\201\204\343\346\233\264\346\226\260\343\201\231\343\202\213/Confirmation Screenshot/2.png"
 create mode 100644 "MySQL DB Fundementals/SQL\346\226\207\343\202\222\347\224\250\343\201\204\343\346\233\264\346\226\260\343\201\231\343\202\213/Confirmation Screenshot/3.png"
 create mode 100644 "MySQL DB Fundementals/SQL\346\226\207\343\202\222\347\224\250\343\201\204\343\346\233\264\346\226\260\343\201\231\343\202\213/Exercise.docx"
 create mode 100644 "MySQL DB Fundementals/SQL\346\226\207\343\202\222\347\224\250\343\201\204\343\346\233\264\346\226\260\343\201\231\343\202\213/Source Code/1.txt"
 create mode 100644 "MySQL DB Fundementals/SQL\346\226\207\343\202\222\347\224\250\343\201\204\343\346\233\264\346\226\260\343\201\231\343\202\213/Source Code/2.txt"
 create mode 100644 "MySQL DB Fundementals/SQL\346\226\207\343\202\222\347\224\250\343\201\204\343\346\233\264\346\226\260\343\201\231\343\202\213/Source Code/3.txt"
 create mode 100644 "MySQL DB Fundementals/\343\202\244\343\203\263\343\202\265\343\203\274\343\20rcise.docx"
 create mode 100644 "MySQL DB Fundementals/\343\202\244\343\203\263\343\202\265\343\203\274\343\20rce Code.txt"
 create mode 100644 "MySQL DB Fundementals/\343\203\206\343\203\274\343\203\226\343\203\253\343\203\203\274\343\202\222\350\250\255\345\256\232\343\201\231\343\202\213/Confirmation Screenshot/orde
 create mode 100644 "MySQL DB Fundementals/\343\203\206\343\203\274\343\203\226\343\203\253\343\203\203\274\343\202\222\350\250\255\345\256\232\343\201\231\343\202\213/Confirmation Screenshot/orde
 create mode 100644 "MySQL DB Fundementals/\343\203\206\343\203\274\343\203\226\343\203\253\343\203\203\274\343\202\222\350\250\255\345\256\232\343\201\231\343\202\213/Confirmation Screenshot/orde
 create mode 100644 "MySQL DB Fundementals/\343\203\206\343\203\274\343\203\226\343\203\253\343\203\203\274\343\202\222\350\250\255\345\256\232\343\201\231\343\202\213/Confirmation Screenshot/orde
 create mode 100644 "MySQL DB Fundementals/\343\203\206\343\203\274\343\203\226\343\203\253\343\203\203\274\343\202\222\350\250\255\345\256\232\343\201\231\343\202\213/Exercise.docx"
 create mode 100644 "MySQL DB Fundementals/\343\203\206\343\203\274\343\203\226\343\203\253\343\203\203\274\343\202\222\350\250\255\345\256\232\343\201\231\343\202\213/Source Code/9_2_1.txt"
 create mode 100644 "MySQL DB Fundementals/\343\203\206\343\203\274\343\203\226\343\203\253\343\203\203\274\343\202\222\350\250\255\345\256\232\343\201\231\343\202\213/Source Code/9_2_2.txt"
 create mode 100644 "MySQL DB Fundementals/\343\203\206\343\203\274\343\203\226\343\203\253\343\203\203\274\343\202\222\350\250\255\345\256\232\343\201\231\343\202\213/Source Code/9_2_3.txt"
 create mode 100644 "MySQL DB Fundementals/\343\203\206\343\203\274\343\203\226\343\203\253\343\203\203\274\343\202\222\350\250\255\345\256\232\343\201\231\343\202\213/Source Code/9_2_4.txt"
 create mode 100644 "MySQL DB Fundementals/\343\203\207\343\203\274\343\202\277\343\202\222\346\213\202\222\344\275\234\346\210\220\343\201\231\343\202\213/Confirmation Screenshot/\343\203\206\343\343\202\244\343\203\236\343\203\252\343\203\274\343\202\255\343\203\274\343\203\273\343\202\252\363\343\203\210\343\201\256\350\250\255\345\256\232_00.png"
 create mode 100644 "MySQL DB Fundementals/\343\203\207\343\203\274\343\202\277\343\202\222\346\213\202\222\344\275\234\346\210\220\343\201\231\343\202\213/Confirmation Screenshot/\343\203\206\343\343\202\244\343\203\236\343\203\252\343\203\274\343\202\255\343\203\274\343\203\273\343\202\252\363\343\203\210\343\201\256\350\250\255\345\256\232_01.png"
 create mode 100644 "MySQL DB Fundementals/\343\203\207\343\203\274\343\202\277\343\202\222\346\213\202\222\344\275\234\346\210\220\343\201\231\343\202\213/Exercise.docx"
 create mode 100644 "MySQL DB Fundementals/\343\203\207\343\203\274\343\202\277\343\202\222\346\213\202\222\344\275\234\346\210\220\343\201\231\343\202\213/Table to use/table.txt"
 create mode 100644 "MySQL DB Fundementals/\343\203\207\343\203\274\343\202\277\343\202\222\346\24
 create mode 100644 "MySQL DB Fundementals/\343\203\207\343\203\274\343\202\277\343\202\222\346\24
 create mode 100644 "MySQL DB Fundementals/\343\203\207\343\203\274\343\202\277\343\202\222\346\24
 create mode 100644 "MySQL DB Fundementals/\343\203\207\343\203\274\343\202\277\343\202\222\346\24
 create mode 100644 "MySQL DB Fundementals/\343\203\207\343\203\274\343\202\277\343\202\222\346\24
 create mode 100644 "MySQL DB Fundementals/\343\203\207\343\203\274\343\202\277\343\202\222\346\24
 create mode 100644 "MySQL DB Fundementals/\351\233\206\350\250\210\351\226\242\346\225\260\343\20se.docx"
 create mode 100644 "MySQL DB Fundementals/\351\233\206\350\250\210\351\226\242\346\225\260\343\20 Code/Generated Table/10_1.txt"
 create mode 100644 "MySQL DB Fundementals/\351\233\206\350\250\210\351\226\242\346\225\260\343\20 Code/Generated Table/10_2.txt"
 create mode 100644 "MySQL DB Fundementals/\351\233\206\350\250\210\351\226\242\346\225\260\343\20 Code/Generated Table/10_3.txt"
 create mode 100644 "MySQL DB Fundementals/\351\233\206\350\250\210\351\226\242\346\225\260\343\20 Code/Source Code/10_1.txt"
 create mode 100644 "MySQL DB Fundementals/\351\233\206\350\250\210\351\226\242\346\225\260\343\20 Code/Source Code/10_2.txt"
 create mode 100644 "MySQL DB Fundementals/\351\233\206\350\250\210\351\226\242\346\225\260\343\20 Code/Source Code/10_3.txt"
 create mode 100644 "MySQL DB Fundementals/\351\233\206\350\250\210\351\226\242\346\225\260\343\20 to use/items.sql"
 create mode 100644 "MySQL DB Fundementals/\351\233\206\350\250\210\351\226\242\346\225\260\343\20 to use/order_details.sql"
 create mode 100644 "MySQL DB Fundementals/\351\233\206\350\250\210\351\226\242\346\225\260\343\20 to use/orders.sql"
 create mode 100644 "MySQL DB Fundementals/\351\233\206\350\250\210\351\226\242\346\225\260\343\20 to use/users.sql"
 create mode 100644 "\343\202\252\343\203\226\343\202\270\343\202\247\343\202\257\343\203\210\346\343\201\256\345\244\247\345\260\217\343\202\222\345\275\223\343\201\246\343\202\213\343\203\217\34
 create mode 100644 "\346\225\260\345\255\227\343\201\256\345\244\247\345\260\217\343\202\222\345\343\203\274\343\203\240/Assignment.docx"
 delete mode 100644 "\346\225\260\345\255\227\343\201\256\345\244\247\345\260\217\343\202\222\345\343\203\274\343\203\240/BigOrSmall.class"
 create mode 100644 "\347\244\276\345\223\241\346\203\205\345\240\261\343\202\222\347\256\241\347\343\202\267\343\203\247\343\203\263/.project"
 create mode 100644 "\347\244\276\345\223\241\346\203\205\345\240\261\343\202\222\347\256\241\347\343\202\267\343\203\247\343\203\263/.settings/.jsdtscope"
 create mode 100644 "\347\244\276\345\223\241\346\203\205\345\240\261\343\202\222\347\256\241\347\343\202\267\343\203\247\343\203\263/.settings/org.eclipse.jdt.core.prefs"
 create mode 100644 "\347\244\276\345\223\241\346\203\205\345\240\261\343\202\222\347\256\241\347\343\202\267\343\203\247\343\203\263/.settings/org.eclipse.wst.common.component"
 create mode 100644 "\347\244\276\345\223\241\346\203\205\345\240\261\343\202\222\347\256\241\347\343\202\267\343\203\247\343\203\263/.settings/org.eclipse.wst.common.project.facet.core.xml"
 create mode 100644 "\347\244\276\345\223\241\346\203\205\345\240\261\343\202\222\347\256\241\347\343\202\267\343\203\247\343\203\263/.settings/org.eclipse.wst.jsdt.ui.superType.container"
 create mode 100644 "\347\244\276\345\223\241\346\203\205\345\240\261\343\202\222\347\256\241\347\343\202\267\343\203\247\343\203\263/.settings/org.eclipse.wst.jsdt.ui.superType.name"
 create mode 100644 "\347\244\276\345\223\241\346\203\205\345\240\261\343\202\222\347\256\241\347\343\202\267\343\203\247\343\203\263/Assignment.docx"
 create mode 100644 "\347\244\276\345\223\241\346\203\205\345\240\261\343\202\222\347\256\241\347\343\202\267\343\203\247\343\203\263/Development Tool.txt"
 create mode 100644 "\347\244\276\345\223\241\346\203\205\345\240\261\343\202\222\347\256\241\347\343\202\267\343\203\247\343\203\263/README.txt"
 create mode 100644 "\347\244\276\345\223\241\346\203\205\345\240\261\343\202\222\347\256\241\347\343\202\267\343\203\247\343\203\263/WebContent/META-INF/MANIFEST.MF"
 create mode 100644 "\347\244\276\345\223\241\346\203\205\345\240\261\343\202\222\347\256\241\347\343\202\267\343\203\247\343\203\263/WebContent/WEB-INF/jsp/EmployeeAdd.jsp"
 create mode 100644 "\347\244\276\345\223\241\346\203\205\345\240\261\343\202\222\347\256\241\347\343\202\267\343\203\247\343\203\263/WebContent/WEB-INF/jsp/EmployeeEdit.jsp"
 create mode 100644 "\347\244\276\345\223\241\346\203\205\345\240\261\343\202\222\347\256\241\347\343\202\267\343\203\247\343\203\263/WebContent/WEB-INF/jsp/EmployeeList.jsp"
 create mode 100644 "\347\244\276\345\223\241\346\203\205\345\240\261\343\202\222\347\256\241\347\343\202\267\343\203\247\343\203\263/WebContent/WEB-INF/jsp/ImageUpdate.jsp"
 create mode 100644 "\347\244\276\345\223\241\346\203\205\345\240\261\343\202\222\347\256\241\347\343\202\267\343\203\247\343\203\263/WebContent/WEB-INF/lib/h2-2.1.212.jar"
 create mode 100644 "\347\244\276\345\223\241\346\203\205\345\240\261\343\202\222\347\256\241\347\343\202\267\343\203\247\343\203\263/WebContent/WEB-INF/lib/jstl-api-1.2.jar"
 create mode 100644 "\347\244\276\345\223\241\346\203\205\345\240\261\343\202\222\347\256\241\347\343\202\267\343\203\247\343\203\263/WebContent/WEB-INF/lib/jstl-impl-1.2.jar"
 create mode 100644 "\347\244\276\345\223\241\346\203\205\345\240\261\343\202\222\347\256\241\347\343\202\267\343\203\247\343\203\263/WebContent/css/common.css"
 create mode 100644 "\347\244\276\345\223\241\346\203\205\345\240\261\343\202\222\347\256\241\347\343\202\267\343\203\247\343\203\263/WebContent/index.jsp"
 create mode 100644 "\347\244\276\345\223\241\346\203\205\345\240\261\343\202\222\347\256\241\347\343\202\267\343\203\247\343\203\263/WebContent/uploads/no_image.PNG"
 create mode 100644 "\347\244\276\345\223\241\346\203\205\345\240\261\343\202\222\347\256\241\347\343\202\267\343\203\247\343\203\263/build/classes/bean/DepartmentBean.class"
 create mode 100644 "\347\244\276\345\223\241\346\203\205\345\240\261\343\202\222\347\256\241\347\343\202\267\343\203\247\343\203\263/build/classes/bean/EmployeeBean.class"
 create mode 100644 "\347\244\276\345\223\241\346\203\205\345\240\261\343\202\222\347\256\241\347\343\202\267\343\203\247\343\203\263/build/classes/common/ImageUploadCommon.class"
 create mode 100644 "\347\244\276\345\223\241\346\203\205\345\240\261\343\202\222\347\256\241\347\343\202\267\343\203\247\343\203\263/build/classes/dao/EmployeeDAO.class"
 create mode 100644 "\347\244\276\345\223\241\346\203\205\345\240\261\343\202\222\347\256\241\347\343\202\267\343\203\247\343\203\263/build/classes/servlet/EmployeeAddServlet.class"
 create mode 100644 "\347\244\276\345\223\241\346\203\205\345\240\261\343\202\222\347\256\241\347\343\202\267\343\203\247\343\203\263/build/classes/servlet/EmployeeDeleteServlet.class"
 create mode 100644 "\347\244\276\345\223\241\346\203\205\345\240\261\343\202\222\347\256\241\347\343\202\267\343\203\247\343\203\263/build/classes/servlet/EmployeeEditServlet.class"
 create mode 100644 "\347\244\276\345\223\241\346\203\205\345\240\261\343\202\222\347\256\241\347\343\202\267\343\203\247\343\203\263/build/classes/servlet/EmployeeListServlet.class"
 create mode 100644 "\347\244\276\345\223\241\346\203\205\345\240\261\343\202\222\347\256\241\347\343\202\267\343\203\247\343\203\263/build/classes/servlet/ImageUpdateServlet.class"
 create mode 100644 "\347\244\276\345\223\241\346\203\205\345\240\261\343\202\222\347\256\241\347\343\202\267\343\203\247\343\203\263/src/bean/DepartmentBean.java"
 create mode 100644 "\347\244\276\345\223\241\346\203\205\345\240\261\343\202\222\347\256\241\347\343\202\267\343\203\247\343\203\263/src/bean/EmployeeBean.java"
 create mode 100644 "\347\244\276\345\223\241\346\203\205\345\240\261\343\202\222\347\256\241\347\343\202\267\343\203\247\343\203\263/src/common/ImageUploadCommon.java"
 create mode 100644 "\347\244\276\345\223\241\346\203\205\345\240\261\343\202\222\347\256\241\347\343\202\267\343\203\247\343\203\263/src/dao/EmployeeDAO.java"
 create mode 100644 "\347\244\276\345\223\241\346\203\205\345\240\261\343\202\222\347\256\241\347\343\202\267\343\203\247\343\203\263/src/servlet/EmployeeAddServlet.java"
 create mode 100644 "\347\244\276\345\223\241\346\203\205\345\240\261\343\202\222\347\256\241\347\343\202\267\343\203\247\343\203\263/src/servlet/EmployeeDeleteServlet.java"
 create mode 100644 "\347\244\276\345\223\241\346\203\205\345\240\261\343\202\222\347\256\241\347\343\202\267\343\203\247\343\203\263/src/servlet/EmployeeEditServlet.java"
 create mode 100644 "\347\244\276\345\223\241\346\203\205\345\240\261\343\202\222\347\256\241\347\343\202\267\343\203\247\343\203\263/src/servlet/EmployeeListServlet.java"
 create mode 100644 "\347\244\276\345\223\241\346\203\205\345\240\261\343\202\222\347\256\241\347\343\202\267\343\203\247\343\203\263/src/servlet/ImageUpdateServlet.java"
